// Jest Snapshot v1, https://goo.gl/fbAQLP

exports[`Coin component matches snapshot 1`] = `
<div
  className="coin tile is-child box is-4"
  id="coinId"
>
  <figure
    className="image is-64x64 coin-logo"
  >
    <img
      alt="coin"
      className="is-rounded"
      src="https://assets.coingecko.com/coins/images/1/large/bitcoin.png"
    />
  </figure>
  <h3
    className="title is-5"
  >
    coin
  </h3>
  <p>
    <span>
      Market Capitalization
    </span>
    <br />
    $1.00
  </p>
  <p>
    <span>
      Current Price
    </span>
    <br />
    $1.00
  </p>
  <p>
    <span>
      All Time High
    </span>
    <br />
    $1.00
  </p>
  <a
    className="view-coin button is-ghost is-small"
    href="/coin/coinId"
    onClick={[Function]}
  >
    View Coin
  </a>
</div>
`;
